../Src/gpiodriver.h:97:6:set_bit	16	static
../Src/gpiodriver.h:101:6:clear_bit	16	static
../Src/gpiodriver.h:105:6:activate_clock_for	16	static
../Src/gpiodriver.h:110:6:gpio_init	24	static
../Src/gpiodriver.h:124:6:gpio_write_pin	24	static
../Src/gpiodriver.h:133:10:gpio_read_pin	16	static
../Src/gpiodriver.h:138:6:enable_VddIO2	8	static
../Src/gpiodriver.h:144:6:delay	24	static
../Src/main.c:52:6:init_seven_segment	48	static
../Src/main.c:80:6:init_joystick	32	static
../Src/main.c:95:6:setNumber	48	static
../Src/main.c:119:5:main	16	static
